frontier05766:1503270:1503270 [0] NCCL INFO ROCr version 1.1frfrontier05766:1503270:1503270 [0] NCCL INFO Dmabuf feature disabled without NCCL_DMABUF_ENABLfronfrontier05766:1503270:1503270 [0] NCCL INFO NCCL_SOCKET_IFNAME set by environment to hsn0,hsn1,hsn2frontifrontier05766:1503270:1503270 [0] NCCL INFO NCCL_SOCKET_IFNAME set to hsn0,hsn1,hsfrontierfrontier05766:1503270:1503270 [0] NCCL INFO Bootstrap : Using hsn0:10.12fffrontierffrontier05766:1503270:1503270 [0] NCCL INFO NET/Plugin: Failed to find ncclCollNetPlugifffrontier07ffrontier05766:1503270:1503270 [0] NCCL INFO NET/Plugin: Failed to find ncclCollNetPlugin symbol (>= v5). ncclCollNetPlugin symbols v4 and lower are fffrontier0705ffrontier05766:1503270:1503270 [0] NCCL INFO Kernel version: 6.4.0-1507fffrontier07054:ffrontier05766:1503270:1503270 [0] NCCL INFO NET/OFI Initializing afffrontier07054:98ffrontier05766:1503270:1503270 [0] NCCL INFO NET/OFI Using Lfffrontier07054:9806ffrontier05766:1503270:1503270 [0] NCCL INFO NET/OFI Using HIP driver version 60241134fffrontier07054:980624ffrontier04175:2677797:2677797 [0] NCCL INFO NET/OFI Plugin sefffrontier07054:980624:9ffrontier04175:2677797:2677797 [0] NCCL INFO NET/OFI No elifffrontier07054:980624:980ffrontier04175:2677797:2677797 [0] NCCL INFO NET/OFI Selected provider is cxi, fffrontier07054:980624:98062ffrontier04175:2677797:2677797 [0] NCCL INFO NET/OFI Usifffrontier07054:980624:980624 ffrontier04175:2677797:2677797 [0] NCCL INFO NET/OFI Supportfffrontier07054:980624:980624 [0ffrontier05766:1503270:1503270 [0] NCCL INFO NET/OFI Suppofffrontier07054:980624:980624 [0] Nfrontier05766:1503270:1503270 [0] NCCL Ifffrontier06794:373943:373943 [0] NCfffrontier05428:3485607:3485607 [0] NCCL INFffrontier05643:803924:803924 [0] NCCL Ifrontier03842:2621271:26212frffrontier09379:334311:334311 [0] NCCL INfrontier09349:2172793:2172793 [0] NCCL INFO comm 0x8fd510 rank 4024 nranks 4096 cudaDev 0 busId frontier00263:105849:105849 [0] NCCL INFOfrofrontier03334:2752597:2752597 [0] NCCL INFO [node_id = 11; gpu_id = 49174; unique_id = 2305108245542700953; location_id = 56ffrontier00263:105849:105849 [0] NCCL INFOfrontfrontier03334:2752597:2752597 [0] NCCL INFO [node_id = 7; gpu_id = 3099; unique_id = 4496949967775085458; location_id = 5fffrontier06539:889925:889925 [0] NCCL INFO fronfrontier03334:2752597:2752597 [0] NCCL INFO [node_id = 8; gpu_id = 13395; unique_id = 5613283358073768868; location_idffrofrontier06539:889925:889925 [0] NCCL INFO [nfronfrontier03334:2752597:2752597 [0] NCCL INFO [node_id = 10; gpu_id = 62036; unique_id = 9018189940045886869; locationffrfrontier06539:889925:889925 [0] NCCL INFO [nodeffronfrontier03334:2752597:2752597 [0] NCCL INFO [node_id = 4; gpu_id = 63582; unique_id = 11252049036018935206; locatfrffrontier06539:889925:889925 [0] NCCL INFO [node_idfrontfrontier03334:2752597:2752597 [0] NCCL INFO [node_id = 9; gpu_id = 1553; unique_id = 11352500548269031006; locfrffrontier06539:889925:889925 [0] NCCL INFO [node_id =frfrofrontier03334:2752597:2752597 [0] NCCL INFO [node_id = 6; gpu_id = 15961; unique_id = 12820157223775739588; lfrffrontier06539:889925:889925 [0] NCCL INFO [node_id = 1ffronfrontier03334:2752597:2752597 [0] NCCL INFO [node_id = 5; gpu_id = 51740; unique_id = 13236014540142284074; frffrontier06539:889925:889925 [0] NCCL INFO initialized ifrontfrontier03334:2752597:2752597 [frffrontier06539:889925:889925 [0] NCCL INFO NET/Libfabric :frontfrontier03334:2752597:2752597 [0] frffrontier06539:889925:889925 [0] NCCL INFO NET/Libfabric : Gfrontfrontier03334:2752597:2752597 [0frffrontier06539:889925:889925 [0] NCCL INFO NET/Libfabric : GPUfrontfrontier03334:2752597:2752597 frffrontier06539:889925:889925 [0] NCCL INFO NET/Libfabric : GPU Dfrontfrontier03334:2752597:275259frffrontier06539:889925:889925 [0] NCCL INFO NCCL_NET_GDR_LEVEL set frontfrontier03334:frffrfrontier02821:935991:935991 [0] NCCL INFO GPU Direct RDMA Enabledffronfrontier03334:2752597:2752597 [0] NCCL frofffrontier02821:935991:935991 [0] NCCL INFO GPU Direct RDMA Enabled fffronfrontier03334:2752597:2752597 [0] NCCfrofffrontier02821:935991:935991 [0] NCCL INFO GPU Direct RDMA Disabled fofffrontier00132:3060256:3060256 frofffrontier02821:935991:935991 [0] NCCL INFO GPU Direct RDMA Disabled for GPUfrontier10114:1917339:19173frofffrontier02821:935991:935991 [0] NCCL INFO GPU Direct RDMA Disabled for GPU dfrontier10114:1917339:191frofrontier07174:251492:251492 [0] NCCL INFO GPU Direct RDMA Disabled for GPU de00ffrontier10114:1917339:1frffrontier07174:251492:251492 [0] NCCL INFO GPU Direct RDMA Disabled for GPU c1000 ffrontier10114:1917339frffrontier07174:251492:251492 [0] NCCL INFO GPU Direct RDMA Disabled for GPU c6000 / ffrontier10114:19173frffrontier07174:251492:251492 [0] NCCL INFO GPU Direct RDMA Disabled for GPU d1000 / HCffrontier10114:191frffrontier07174:251492:251492 [0] NCCL INFO GPU Direct RDMA Disabled for GPU d6000 / HCA 1frfrontier06787frffrontier07174:251492:251492 [0] NCCL INFO GPU Direct RDMA Enabled for GPU c9000 / HCA 1 (dfrfrontier06787:35580frffrontier07174:251492:251492 [0] NCCL INFO GPU Direct RDMA Enabled for GPU ce000 / HCA 1 (disfrfrontier06787:355frffrontier07174:251492:251492 [0] NCCL INFO GPU Direct RDMA Disabled for GPU d9000 / HCA 1 (distfrfrontiefrffrontier07174:251492:251492 [0] NCCL INFO GPU Direct RDMA Disabled for GPU de000 / HCA 1 (distanfrfrontfrffrontier07174:251492:251492 [0] NCCL INFO GPU Direct RDMA Disabled for GPU c1000 / HCA 1 (distancefrfrofrffrontier07174:251492:251492 [0] NCCL INFO GPU Direct RDMA Disabled for GPU c6000 / HCA 1 (distance 7frffrffrontier07174:251492:251492 [0] NCCL INFO GPU Direct RDMA Disabled for GPU d1000 / HCA 3 (distance 7 >ffrofrontier07174:251492:251492 [0] NCCL INFO GPU Direct RDMA Disabled for GPU d6000 / HCA 3 (distance 7 > frofrontier07174:251492:251492 [0] NCCL INFO GPU Direct RDMA Disabled for GPU c9000 / HCA 3 (distance 7 > 6)ffrontier06539:889929:889929 [0] NCCL INFO GPU Direct RDMA Disabled for GPU ce000 / HCA 3 (distance 7 > 6)ffrontier06539:889929:889929 [0] NCCL INFO GPU Direct RDMA Enabled for GPU d9000 / HCA 3 (distance 6 <= 6), rfrfrfrfrontier06539:889929:889929 [0] NCCL INFO GPU Direct RDMA Enabled for GPU de000 / HCA 3 (distance 6 <= 6), reafrfrfrontier06539:889929:889929 [0] NCCL INFO GPU Direct RDMA Disabled for GPU c1000 / HCA 3 (distance 7 > 6)
frontier06539:889929:889929 [0] NCCL INFO GPU Direct RDMA Disabled for GPU c6000 / HCA 3 (distance 7 > 6)
fffrontier02821:935995:935995 [0] NCCL INFO GPU Direct RDMA Disabled for GPU d1000 / HCA 0 (distance 7 > 6ffrontier07054:980624:980624 [0] NCCL INFO GPU Direct RDMA Disabled for GPU d6000 / HCA 0 (distance 7 > 6)
ronfrontier0frofronfrontier06404:3154620:3154620 [0] NCCL INFO GPU Direct RDMA Disabled for GPU d6000 / HCA 0 (distance frfrfrontier06274:1348794:1348794 [0] NCCL INFO GPU Direct RDMA Disabled for GPU c9000 / HCA 0 (distance 7 > 6)
frontier10118:2314736:2314736 [0] NCCL INFO GPU Direct RDMA Disabled for GPU ce000 / HCA 0 (distance 7 > 6)
frontier10118:2314736:2314736 [0] NCCL INFO GPU Direct RDMA Disabled for GPU d9000 / HCA 0 (distance 7 > 6)
ntier00260:2182112:2182112 [0] NCCL INFO GPU Direct RDMA Disabled for GPU de000 / HCA 0 (distance 7 > 6)
frontier00260:2182112:2182112 [0] NCCL INFO GPU Direct RDMA Enabled for GPU c1000 / HCA 0 (distance 6 <= 6), read 0
 0
ontier00042:2146279:2146279 [0] NCCL INFO GPU Direct RDMA Enabled for GPU c6000 / HCA 0 (distance 6 <= 6), refrontier00010:2100181:2100181 [0] NCCL INFO GPU Direct RDMA Enabled for GPU d1000 / HCA 2 (distance 6 <= 6), read 1
d 1
1
rffrontier06479:2081370:2081370 [0] NCCL INFO GPU Direct RDMA Enabled for GPU d6000 / HCA 2 (distance 6 <= 6), read 1
ntier02819:2439394:2439394 [0] NCCL INFO GPU Direct RDMA Enabled for GPU c9000 / HCA 1 (distance 6 <= 6), read 1
1frontier00723:1586008:1586008 [0] NCCL INFO GPU Direct RDMA Enabled for GPU ce000 / HCA 1 (distance 6 <= 6), read frontier00260:2182111:2182111 [0] NCCL INFO GPU Direct RDMA Enabled for GPU d9000 / HCA 3 (distance 6 <= 6), read 1
frontier00880:3214192:3214192 [0] NCCL INFO GPU Direct RDMA Enabled for GPU de000 / HCA 3 (distance 6 <= 6), read 1
ntier00140:3870824:3870824 [0] NCCL INFO GPU Direct RDMA Enabled for GPU c1000 / HCA 0 (distance 6 <= 6), read 1
d frontier03077:2337864:2337864 [0] NCCL INFO GPU Direct RDMA Enabled for GPU c6000 / HCA 0 (distance 6 <= 6), readfronffrontier06919:2581259:2581259 [0] NCCL INFO GPU Direct RDMA Enabled for GPU d1000 / HCA 2 (distance 6 <= 6), readfrontier00522:2884851:2884851 [0] NCCL INFO GPU Direct RDMA Enabled for GPU d6000 / HCA 2 (distance 6 <= 6), read 0
ad 0
frontier02823:1728712:1728712 [0] NCCL INFO GPU Direct RDMA Disabled for GPU c9000 / HCA 2 (distance 7 > 6)
ontier03201:3011652:3011652 [0] NCCL INFO GPU Direct RDMA Disabled for GPU ce000 / HCA 2 (distance 7 > 6)
frontier03201:3011652:3011652 [0] NCCL INFO GPU Direct RDMA Disabled for GPU d9000 / HCA 2 (distance 7 > 6)frontier00903:2543551:2543551 [0] NCCL INFO GPU Direct RDMA Disabled for GPU de000 / HCA 2 (distance 7 > 6)
frfrontier02436:2152193:2152193 [0] NCCL INFO GPU Direct RDMA Disabled for GPU c1000 / HCA 2 (distance 7 > 6)
A Disabled for GPU d1000 / HCA 1 (distance 7 > 6)
frontier06531:654658:654658 [0] NCCL INFO GPU Direct RDMA Disabled for GPU d6000 / HCA 1 (distance 7 > 6)
frontier06531:654658:654658 [0] NCCL INFO GPU Direct RDMA Enfrontier02565:2819865:2819865 [0] NCCL INFO GPU Direct RDMA Disabled for GPU d6000 / HCA 1 (distance 7 > 6)
frontier02565:2819865:2819865 [0] NCCL INFO GPU Direct RDMA Enabled for GPU c9000 / HCA 1 (distance 6 <= 6), read 0
tiefrontier06665:1170514:1170514 [0] NCCL INFO GPU Direct RDMA Enabled for GPU ce000 / HCA 1 (distance 6 <= 6), read 0
r00513:1797103:1797103 [0] NCCL INFO GPU Direct RDMA Disabled for GPU d9000 / HCA 1 (distance 7 > 6)
frofrontier06925:2564732:2564732 [0] NCCL INFO GPU Direct RDMA Disabled for GPU de000 / HCA 1 (distance 7 > 6)
frontier06925:2564732:2564732 [0] NCCL INFO GPU Direct RDMA Disabled for GPU c1000 / HCA 1 (distance 7 > 6)
ntier00513:1797103:1797103 [0] NCCL INFO GPU Direct RDMA Disabled for GPU c6000 / HCA 1 (distance 7 > 6)
frontier00513:1797103:1797103 [0] NCCL INFO GPU Direct RDMA Disabled for GPU d1000 / HCA 3 (distance 7 > 6)
frontier00513:1797103:1797103 [0] NCCL INFO GPU Direct RDMA Disabled for GPU d6000 / HCA 3 (distance 7 > 6)
frontier00513:1797103:1797103 [0] NCCL INFO GPU Direct RDMA Disabled for GPU c9000 / HCA 3 (distance 7 > 6)
frontier00513:1797103:1797103 [0] NCCL INFO GPU Direct RDMA Disabled for GPU ce000 / HCA 3 (distance 7 > 6)
frofrontier02774:2557432:2557432 [0] NCCL INFO GPU Direct RDMA Enabled for GPU d9000 / HCA 3 (distance 6 <= 6), read 0
ntier00513:1797103:1797103 [0] NCCL INFO GPU Direct RDMA Enabled for GPU de000 / HCA 3 (distance 6 <= 6), read 0
frontier00513:1797103:1797103 [0] NCCL INFO GPU Direct RDMA Disabled for GPU c1000 / HCA 3 (distance 7 > 6)
frontier00513:1797103:1797103 [0] NCCL INFO GPU Direct RDMA Disabled for GPU c6000 / HCA 3 (distance 7 > 6)
frontier00513:1797103:1797103 [0] NCCL INFO GPU Direct RDMA Disabled for GPU d1000 / HCA 0 (distance 7 > 6)
frontier00513:1797103:1797103 [0] NCCL INFO GPU Direct RDMA Disabled for GPU d6000 / HCA 0 (distance 7 > 6)
frontfrontier03079:2177489:2177489 [0] NCCL INFO GPU Direct RDMA Disabled for GPU c9000 / HCA 0 (distance 7 > 6)
frontier03079:2177489:2177489 [0] NCCL INFO GPU Direct RDMA Disabled for GPU ce000 / HCA 0 (distance 7 > 6)
ier00513:1797103:1797103 [0] NCCL INFO GPU Direct RDMA Disabled for GPU d9000 / HCA 0 (distance 7 > 6)
frontier00513:1797103:1797103 [0] NCCL INFO GPU Direct RDMA Disabled for GPU de000 / HCA 0 (distance 7 > 6)
frontier00513:1797103:1797103 [0] NCCL INFO GPU Direct RDMA Enabled for GPU c1000 / HCA 0 (distance 6 <= 6), read 0
frontier00513:1797103:1797103 [0] NCCL INFO GPU Direct RDMA Enabled for GPU c6000 / HCA 0 (distance 6 <= 6), read 0


frfrontier06664:2519313:2519313 [0] NCCL INFO NCCL_CROSS_NIC set by environment to 1.
.
000000,fefe0000,00000frontier04233:2431585:2431585 [0] NCCL INFO NCCL_CROSS_NIC set by environment to 1.
1.

.

